Running git pull existing directory: /home/myself/some-git-dir/someuser/somerepo
