Error: running git clone: running command: chdir /home/yngvar/yk/git/some-org: no such file or directory
