Error: parsing git organization and repository: "git@github.com:someorg-somerepo.git": not a valid or supported git URI
